// Jest Snapshot v1, https://goo.gl/fbAQLP

exports[`outsideClickHOC tests Should render properly 1`] = `ShallowWrapper {}`;
